2025-12-15 11:50:01,563 [INFO] WebApp:194 - Connection lost
2025-12-15 11:50:02,854 [INFO] WebApp:191 - Connection restablished
2025-12-15 12:21:08,653 [INFO] WebApp:194 - Connection lost
2025-12-15 12:21:12,889 [INFO] WebApp:191 - Connection restablished
2025-12-15 13:24:56,361 [INFO] WebApp:194 - Connection lost
2025-12-15 13:24:59,560 [INFO] WebApp:191 - Connection restablished
2025-12-15 13:56:00,962 [INFO] WebApp:194 - Connection lost
2025-12-15 13:56:03,848 [INFO] WebApp:191 - Connection restablished
2025-12-15 15:00:51,610 [INFO] WebApp:194 - Connection lost
2025-12-15 15:00:53,310 [INFO] WebApp:191 - Connection restablished
2025-12-15 15:32:32,927 [INFO] WebApp:194 - Connection lost
2025-12-15 15:32:37,699 [INFO] WebApp:191 - Connection restablished
2025-12-15 15:51:56,311 [INFO] WebApp:194 - Connection lost
2025-12-15 16:10:39,606 [INFO] WebApp:191 - Connection restablished
2025-12-15 16:13:33,940 [INFO] WebApp:194 - Connection lost
2025-12-15 16:16:11,288 [INFO] WebApp:191 - Connection restablished
2025-12-15 17:46:33,344 [INFO] MainUpdater:2872 - connection check result : 10
2025-12-15 17:46:33,350 [INFO] MainUpdater:2872 - connection check result : 10
2025-12-15 17:46:34,849 [INFO] MicroXplorer:468 - Change Database Path : 
2025-12-15 17:46:34,851 [INFO] MicroXplorer:498 - Change Database Version : DB.6.0.150
2025-12-15 17:46:35,076 [ERROR] ProjectManagerView:395 - 
java.lang.NullPointerException: Cannot invoke "javax.swing.JTextField.getText()" because the return value of "java.util.List.get(int)" is null
	at com.st.microxplorer.plugins.projectmanager.gui.ProjectChoiceTab$9.caretUpdate(ProjectChoiceTab.java:2706) ~[filemanager.jar:?]
	at javax.swing.text.JTextComponent.fireCaretUpdate(JTextComponent.java:408) ~[?:?]
	at javax.swing.text.JTextComponent$MutableCaretEvent.fire(JTextComponent.java:4484) ~[?:?]
	at javax.swing.text.JTextComponent$MutableCaretEvent.stateChanged(JTextComponent.java:4506) ~[?:?]
	at javax.swing.text.DefaultCaret.fireStateChanged(DefaultCaret.java:857) ~[?:?]
	at javax.swing.text.DefaultCaret.changeCaretPosition(DefaultCaret.java:1343) ~[?:?]
	at javax.swing.text.DefaultCaret.handleSetDot(DefaultCaret.java:1242) ~[?:?]
	at javax.swing.text.DefaultCaret.setDot(DefaultCaret.java:1223) ~[?:?]
	at javax.swing.text.DefaultCaret$Handler.insertUpdate(DefaultCaret.java:1819) ~[?:?]
	at javax.swing.text.AbstractDocument.fireInsertUpdate(AbstractDocument.java:227) ~[?:?]
	at javax.swing.text.AbstractDocument.handleInsertString(AbstractDocument.java:781) ~[?:?]
	at javax.swing.text.AbstractDocument.insertString(AbstractDocument.java:740) ~[?:?]
	at javax.swing.text.PlainDocument.insertString(PlainDocument.java:131) ~[?:?]
	at javax.swing.text.AbstractDocument.replace(AbstractDocument.java:699) ~[?:?]
	at javax.swing.text.JTextComponent.setText(JTextComponent.java:1725) ~[?:?]
	at com.st.microxplorer.plugins.projectmanager.gui.ProjectChoiceTab.createHeapStackFields(ProjectChoiceTab.java:993) ~[filemanager.jar:?]
	at com.st.microxplorer.plugins.projectmanager.gui.ProjectChoiceTab.buildLinkSettingsPanel(ProjectChoiceTab.java:3813) ~[filemanager.jar:?]
	at com.st.microxplorer.plugins.projectmanager.gui.ProjectChoiceTab.defineWindowsFields(ProjectChoiceTab.java:1987) ~[filemanager.jar:?]
	at com.st.microxplorer.plugins.projectmanager.gui.ProjectChoiceTab.updateSettings(ProjectChoiceTab.java:558) ~[filemanager.jar:?]
	at com.st.microxplorer.plugins.projectmanager.gui.ProjectSettingsPanel.UpdateDialog(ProjectSettingsPanel.java:247) ~[filemanager.jar:?]
	at com.st.microxplorer.plugins.projectmanager.ProjectManagerView.propertyChange(ProjectManagerView.java:392) ~[filemanager.jar:?]
	at java.beans.PropertyChangeSupport.fire(PropertyChangeSupport.java:343) ~[?:?]
	at java.beans.PropertyChangeSupport.firePropertyChange(PropertyChangeSupport.java:335) ~[?:?]
	at java.beans.PropertyChangeSupport.firePropertyChange(PropertyChangeSupport.java:268) ~[?:?]
	at com.st.microxplorer.util.MXPropertyChangeSupport.firePropertyChange(MXPropertyChangeSupport.java:54) ~[STM32CubeMX.jar:?]
	at com.st.microxplorer.mxsystem.MxSystem.closeConfig(MxSystem.java:899) ~[STM32CubeMX.jar:?]
	at com.st.microxplorer.maingui.MainPanel.closeConfig(MainPanel.java:792) ~[STM32CubeMX.jar:?]
	at com.st.microxplorer.plugins.filemanager.engine.OpenFileManager.loadConfigurationFile(OpenFileManager.java:288) ~[filemanager.jar:?]
	at com.st.microxplorer.plugins.filemanager.engine.MainFileManager.userLoadConfig(MainFileManager.java:364) ~[filemanager.jar:?]
	at com.st.microxplorer.plugins.filemanager.engine.MainFileManager.userLoadConfig(MainFileManager.java:342) ~[filemanager.jar:?]
	at com.st.microxplorer.plugins.filemanager.FileManagerView.getSpecificTask(FileManagerView.java:264) ~[filemanager.jar:?]
	at com.st.stm32cube.common.mx.editor.CubeMxEditor.getMxTabbedPaneInstance(CubeMxEditor.java:1198) ~[com.st.stm32cube.common.mx_6.15.0.202507011659/:?]
	at com.st.stm32cube.common.mx.editor.CubeMxEditor$12$1.createSwingComponent(CubeMxEditor.java:1068) ~[com.st.stm32cube.common.mx_6.15.0.202507011659/:?]
	at com.st.stm32cube.common.mx.oss.core.awtswtbridge.EmbeddedSwingComposite.doComponentCreation(EmbeddedSwingComposite.java:492) ~[com.st.stm32cube.common.mx.oss_6.15.0.202507011659/:?]
	at com.st.stm32cube.common.mx.oss.core.awtswtbridge.EmbeddedSwingComposite$4.run(EmbeddedSwingComposite.java:291) ~[com.st.stm32cube.common.mx.oss_6.15.0.202507011659/:?]
	at com.st.stm32cube.common.mx.oss.core.awtswtbridge.AwtEnvironment$2.run(AwtEnvironment.java:166) ~[com.st.stm32cube.common.mx.oss_6.15.0.202507011659/:?]
	at java.awt.event.InvocationEvent.dispatch(InvocationEvent.java:318) ~[?:?]
	at java.awt.EventQueue.dispatchEventImpl(EventQueue.java:773) ~[?:?]
	at java.awt.EventQueue$4.run(EventQueue.java:720) ~[?:?]
	at java.awt.EventQueue$4.run(EventQueue.java:714) ~[?:?]
	at java.security.AccessController.doPrivileged(AccessController.java:400) ~[?:?]
	at java.security.ProtectionDomain$JavaSecurityAccessImpl.doIntersectionPrivilege(ProtectionDomain.java:87) ~[?:?]
	at java.awt.EventQueue.dispatchEvent(EventQueue.java:742) ~[?:?]
	at java.awt.EventDispatchThread.pumpOneEventForFilters(EventDispatchThread.java:203) ~[?:?]
	at java.awt.EventDispatchThread.pumpEventsForFilter(EventDispatchThread.java:124) ~[?:?]
	at java.awt.EventDispatchThread.pumpEventsForHierarchy(EventDispatchThread.java:113) ~[?:?]
	at java.awt.EventDispatchThread.pumpEvents(EventDispatchThread.java:109) ~[?:?]
	at java.awt.EventDispatchThread.pumpEvents(EventDispatchThread.java:101) ~[?:?]
	at java.awt.EventDispatchThread.run(EventDispatchThread.java:90) ~[?:?]
2025-12-15 17:46:35,134 [WARN] ThirdParty:871 - waiting for thirdparty lock release [close project]
2025-12-15 17:46:35,134 [INFO] ThirdParty:873 - entering critical section [close project]
2025-12-15 17:46:35,135 [INFO] ThirdParty:883 - exiting critical section [close project]
2025-12-15 17:46:35,152 [INFO] PinOutPanel:1589 - setPackage(No Configuration,No Configuration)
2025-12-15 17:46:35,220 [INFO] UtilMem:75 - Begin LoadConfig() Used Memory: 1008921080 Bytes (1073741824)
2025-12-15 17:46:35,227 [INFO] MicroXplorer:468 - Change Database Path : 
2025-12-15 17:46:35,233 [INFO] MicroXplorer:498 - Change Database Version : DB.6.0.150
2025-12-15 17:46:35,235 [INFO] OpenFileManager:355 - Change cursor
2025-12-15 17:46:35,417 [INFO] RulesReader:64 - Compatibility file has been processed (317 Rules)
2025-12-15 17:46:35,470 [INFO] Mcu:2029 - Initializing MCU STM32L476R(C-E-G)Tx STM32L476RGTx STM32L476RGT3
2025-12-15 17:46:40,874 [INFO] Context:786 - Trying to add GPIOservice into a context  which must be forbidden
2025-12-15 17:46:44,418 [INFO] ImportTextPane:234 - (OptionalMessage_ERROR) Pin16 (VP_RIF_VS_RIF1) cannot be retrieved for this MCU
2025-12-15 17:46:45,138 [INFO] RtosManager:558 - Registered RTOS mode: class=CMSIS, group=RTOS, mode=CMSIS_V1, owner=FREERTOS
2025-12-15 17:46:45,144 [INFO] RtosManager:558 - Registered RTOS mode: class=CMSIS, group=RTOS2, mode=CMSIS_V2, owner=FREERTOS
2025-12-15 17:46:45,145 [INFO] RtosManager:558 - Registered RTOS mode: class=RTOS, group=Core, mode=CMSIS_V1, owner=FREERTOS
2025-12-15 17:46:45,145 [INFO] RtosManager:558 - Registered RTOS mode: class=RTOS, group=Core, mode=CMSIS_V2, owner=FREERTOS
2025-12-15 17:46:45,146 [WARN] ModelIntegratedComponent:184 - Missing modes for component STMicroelectronics:FreeRTOS:0.0.1:STMicroelectronics:RTOS:FreeRTOS:Core:::10.2.0:
2025-12-15 17:46:45,174 [WARN] ModelIntegratedComponent:63 - No mode defined for component null
2025-12-15 17:46:45,175 [WARN] ModelIntegratedComponent:63 - No mode defined for component null
2025-12-15 17:46:45,175 [WARN] ModelIntegratedComponent:63 - No mode defined for component null
2025-12-15 17:46:45,175 [WARN] ModelIntegratedComponent:63 - No mode defined for component null
2025-12-15 17:46:45,175 [WARN] ModelIntegratedComponent:63 - No mode defined for component null
2025-12-15 17:46:45,175 [WARN] ModelIntegratedComponent:63 - No mode defined for component null
2025-12-15 17:46:45,175 [WARN] ModelIntegratedComponent:63 - No mode defined for component null
2025-12-15 17:46:45,175 [WARN] ModelIntegratedComponent:63 - No mode defined for component null
2025-12-15 17:46:45,175 [WARN] ModelIntegratedComponent:63 - No mode defined for component null
2025-12-15 17:46:45,176 [WARN] ModelIntegratedComponent:63 - No mode defined for component null
2025-12-15 17:46:45,176 [WARN] ModelIntegratedComponent:63 - No mode defined for component null
2025-12-15 17:46:45,176 [WARN] ModelIntegratedComponent:63 - No mode defined for component null
2025-12-15 17:46:45,176 [WARN] ModelIntegratedComponent:63 - No mode defined for component null
2025-12-15 17:46:45,176 [WARN] ModelIntegratedComponent:63 - No mode defined for component null
2025-12-15 17:46:45,177 [WARN] ModelIntegratedComponent:63 - No mode defined for component null
2025-12-15 17:46:45,178 [WARN] ModelIntegratedComponent:63 - No mode defined for component null
2025-12-15 17:46:45,178 [WARN] ModelIntegratedComponent:63 - No mode defined for component null
2025-12-15 17:46:45,178 [WARN] ModelIntegratedComponent:63 - No mode defined for component null
2025-12-15 17:46:45,178 [WARN] ModelIntegratedComponent:63 - No mode defined for component null
2025-12-15 17:46:45,178 [WARN] ModelIntegratedComponent:63 - No mode defined for component null
2025-12-15 17:46:45,178 [WARN] ModelIntegratedComponent:63 - No mode defined for component null
2025-12-15 17:46:45,178 [WARN] ModelIntegratedComponent:63 - No mode defined for component null
2025-12-15 17:46:45,178 [WARN] ModelIntegratedComponent:63 - No mode defined for component null
2025-12-15 17:46:45,179 [WARN] ModelIntegratedComponent:63 - No mode defined for component null
2025-12-15 17:46:45,179 [WARN] ModelIntegratedComponent:63 - No mode defined for component null
2025-12-15 17:46:45,180 [WARN] ModelIntegratedComponent:63 - No mode defined for component null
2025-12-15 17:46:45,180 [WARN] ModelIntegratedComponent:63 - No mode defined for component null
2025-12-15 17:46:45,180 [WARN] ModelIntegratedComponent:63 - No mode defined for component null
2025-12-15 17:46:45,180 [WARN] ModelIntegratedComponent:63 - No mode defined for component null
2025-12-15 17:46:45,180 [WARN] ModelIntegratedComponent:63 - No mode defined for component null
2025-12-15 17:46:45,180 [WARN] ModelIntegratedComponent:63 - No mode defined for component null
2025-12-15 17:46:45,180 [WARN] ModelIntegratedComponent:63 - No mode defined for component null
2025-12-15 17:46:45,181 [WARN] ModelIntegratedComponent:63 - No mode defined for component null
2025-12-15 17:46:45,181 [WARN] ModelIntegratedComponent:63 - No mode defined for component null
2025-12-15 17:46:45,181 [WARN] ModelIntegratedComponent:63 - No mode defined for component null
2025-12-15 17:46:45,183 [WARN] ModelPack:524 - Component already loaded: STMicroelectronics:HAL Drivers:0.0.0:STMicroelectronics:Device:STMicro_Driver:XSPI:HAL::0.0.1:HAL_XSPI
2025-12-15 17:46:45,488 [INFO] ThirdPartyModel:298 - Start build external matchings
2025-12-15 17:46:46,205 [INFO] ThirdPartyModel:316 - End build external matchings
2025-12-15 17:46:46,278 [INFO] ImportTextPane:234 - (OptionalMessage_ERROR) IP (ADC1) : Parameter (CommonPathInternal) has invalid value (null|null|null|null)
2025-12-15 17:46:46,293 [INFO] ImportTextPane:234 - (OptionalMessage_ERROR) IP (RCC) : Invalid parameter (FamilyName)
2025-12-15 17:46:46,305 [INFO] ImportTextPane:234 - (OptionalMessage_ERROR) IP (RCC) : Parameter (RNGFreq_Value) has invalid value (64000000)
2025-12-15 17:46:46,305 [INFO] ImportTextPane:234 - (OptionalMessage_ERROR) IP (RCC) : Parameter (SDMMCFreq_Value) has invalid value (64000000)
2025-12-15 17:46:46,305 [INFO] ImportTextPane:234 - (OptionalMessage_ERROR) IP (RCC) : Parameter (USBFreq_Value) has invalid value (64000000)
2025-12-15 17:46:46,779 [INFO] UtilMem:75 - End LoadConfig() Used Memory: 890611856 Bytes (1073741824)
2025-12-15 17:46:46,890 [WARN] ThirdParty:833 - waiting for thirdparty lock release [change project]
2025-12-15 17:46:46,904 [INFO] ThirdParty:835 - entering critical section [change project]
2025-12-15 17:46:46,904 [INFO] ThirdParty:1030 - CMSIS Pack Vendor :STMicroelectronics X-CUBE-PM33A1 1.0.0
2025-12-15 17:46:46,905 [INFO] ThirdParty:1030 - CMSIS Pack Vendor :STMicroelectronics USBPD 4.1
2025-12-15 17:46:46,905 [INFO] ThirdParty:1030 - CMSIS Pack Vendor :STMicroelectronics X-CUBE-NFC9 1.0.0
2025-12-15 17:46:46,905 [INFO] ThirdParty:1030 - CMSIS Pack Vendor :STMicroelectronics USB_HOST 2.0.0
2025-12-15 17:46:46,905 [INFO] ThirdParty:1030 - CMSIS Pack Vendor :STMicroelectronics FP-SNS-MOTENVWB1 1.4.0
2025-12-15 17:46:46,905 [INFO] ThirdParty:1030 - CMSIS Pack Vendor :STMicroelectronics X-CUBE-AZRTOS-F4 1.1.0
2025-12-15 17:46:46,905 [INFO] ThirdParty:1030 - CMSIS Pack Vendor :STMicroelectronics LIBJPEG 8.0.0
2025-12-15 17:46:46,905 [INFO] ThirdParty:1030 - CMSIS Pack Vendor :STMicroelectronics FP-ATR-ASTRA1 2.0.2
2025-12-15 17:46:46,905 [INFO] ThirdParty:1030 - CMSIS Pack Vendor :wolfSSL I-CUBE-wolfSSL 5.8.2
2025-12-15 17:46:46,905 [INFO] ThirdParty:1030 - CMSIS Pack Vendor :STMicroelectronics X-CUBE-BLE1 7.1.0
2025-12-15 17:46:46,905 [INFO] ThirdParty:1030 - CMSIS Pack Vendor :STMicroelectronics X-CUBE-SMBUS 2.1.0
2025-12-15 17:46:46,905 [INFO] ThirdParty:1030 - CMSIS Pack Vendor :wolfSSL I-CUBE-wolfMQTT 1.19.2
2025-12-15 17:46:46,905 [INFO] ThirdParty:1030 - CMSIS Pack Vendor :STMicroelectronics USB_DEVICE 3.0.0
2025-12-15 17:46:46,905 [INFO] ThirdParty:1030 - CMSIS Pack Vendor :STMicroelectronics X-CUBE-ISPU 2.1.0
2025-12-15 17:46:46,906 [INFO] ThirdParty:1030 - CMSIS Pack Vendor :STMicroelectronics X-CUBE-FREERTOS 1.4.0
2025-12-15 17:46:46,906 [INFO] ThirdParty:1030 - CMSIS Pack Vendor :STMicroelectronics X-CUBE-EEPRMA1 5.2.0
2025-12-15 17:46:46,906 [INFO] ThirdParty:1030 - CMSIS Pack Vendor :STMicroelectronics X-CUBE-IPS 3.2.0
2025-12-15 17:46:46,906 [INFO] ThirdParty:1030 - CMSIS Pack Vendor :STMicroelectronics X-CUBE-BLEMGR 4.1.0
2025-12-15 17:46:46,906 [INFO] ThirdParty:1030 - CMSIS Pack Vendor :STMicroelectronics X-CUBE-AZRTOS-WB 2.0.0
2025-12-15 17:46:46,906 [INFO] ThirdParty:1030 - CMSIS Pack Vendor :STMicroelectronics X-CUBE-ST60 1.0.0
2025-12-15 17:46:46,906 [INFO] ThirdParty:1030 - CMSIS Pack Vendor :STMicroelectronics X-CUBE-GNSS1 7.0.1
2025-12-15 17:46:46,906 [INFO] ThirdParty:1030 - CMSIS Pack Vendor :STMicroelectronics X-CUBE-NFC12 1.0.0
2025-12-15 17:46:46,906 [INFO] ThirdParty:1030 - CMSIS Pack Vendor :STMicroelectronics X-CUBE-AZRTOS-F7 1.1.0
2025-12-15 17:46:46,906 [INFO] ThirdParty:1030 - CMSIS Pack Vendor :STMicroelectronics X-CUBE-AZRTOS-L5 2.0.0
2025-12-15 17:46:46,906 [INFO] ThirdParty:1030 - CMSIS Pack Vendor :STMicroelectronics X-CUBE-TOUCHGFX 4.25.0
2025-12-15 17:46:46,906 [INFO] ThirdParty:1030 - CMSIS Pack Vendor :STMicroelectronics USB_DEVICE 2.0.0
2025-12-15 17:46:46,906 [INFO] ThirdParty:1030 - CMSIS Pack Vendor :STMicroelectronics X-CUBE-NFC6 3.1.0
2025-12-15 17:46:46,906 [INFO] ThirdParty:1030 - CMSIS Pack Vendor :STMicroelectronics X-CUBE-ST67W61 1.1.0
2025-12-15 17:46:46,907 [INFO] ThirdParty:1030 - CMSIS Pack Vendor :Cesanta I-CUBE-Mongoose 7.19.0
2025-12-15 17:46:46,907 [INFO] ThirdParty:1030 - CMSIS Pack Vendor :quantropi X-CUBE-qispace-sdk-base 2.1.0
2025-12-15 17:46:46,907 [INFO] ThirdParty:1030 - CMSIS Pack Vendor :STMicroelectronics X-CUBE-MEMS1 12.0.0
2025-12-15 17:46:46,907 [INFO] ThirdParty:1030 - CMSIS Pack Vendor :STMicroelectronics FP-SNS-MOTENV1 5.1.0
2025-12-15 17:46:46,907 [INFO] ThirdParty:1030 - CMSIS Pack Vendor :STMicroelectronics FreeRTOS 0.0.1
2025-12-15 17:46:46,907 [INFO] ThirdParty:1030 - CMSIS Pack Vendor :STMicroelectronics X-CUBE-AZRTOS-G0 1.1.0
2025-12-15 17:46:46,907 [INFO] ThirdParty:1030 - CMSIS Pack Vendor :STMicroelectronics X-CUBE-SAFEA1 1.2.2
2025-12-15 17:46:46,907 [INFO] ThirdParty:1030 - CMSIS Pack Vendor :STMicroelectronics X-CUBE-NFC4 3.0.0
2025-12-15 17:46:46,907 [INFO] ThirdParty:1030 - CMSIS Pack Vendor :STMicroelectronics X-CUBE-SUBG2 5.0.0
2025-12-15 17:46:46,908 [INFO] ThirdParty:1030 - CMSIS Pack Vendor :STMicroelectronics X-CUBE-AZRTOS-H7RS 1.1.0
2025-12-15 17:46:46,908 [INFO] ThirdParty:1030 - CMSIS Pack Vendor :STMicroelectronics STM32_WPAN 1.0.0
2025-12-15 17:46:46,908 [INFO] ThirdParty:1030 - CMSIS Pack Vendor :EmbeddedOffice I-CUBE-FS-RTOS 1.0.1
2025-12-15 17:46:46,908 [INFO] ThirdParty:1030 - CMSIS Pack Vendor :STMicroelectronics lwIP 2.0.3
2025-12-15 17:46:46,908 [INFO] ThirdParty:1030 - CMSIS Pack Vendor :WES I-CUBE-Cesium 1.4.0
2025-12-15 17:46:46,908 [INFO] ThirdParty:1030 - CMSIS Pack Vendor :STMicroelectronics USB_HOST 1.0.0
2025-12-15 17:46:46,908 [INFO] ThirdParty:1030 - CMSIS Pack Vendor :Infineon AIROC-Wi-Fi-Bluetooth-STM32 1.7.1
2025-12-15 17:46:46,909 [INFO] ThirdParty:1030 - CMSIS Pack Vendor :STMicroelectronics X-CUBE-AZRTOS-G4 2.0.0
2025-12-15 17:46:46,910 [INFO] ThirdParty:1030 - CMSIS Pack Vendor :STMicroelectronics X-CUBE-WB05N 2.0.0
2025-12-15 17:46:46,912 [INFO] ThirdParty:1030 - CMSIS Pack Vendor :STMicroelectronics PDM2PCM 3.1.0
2025-12-15 17:46:46,914 [INFO] ThirdParty:1030 - CMSIS Pack Vendor :STMicroelectronics PDM2PCM 3.3.0
2025-12-15 17:46:46,916 [INFO] ThirdParty:1030 - CMSIS Pack Vendor :wolfSSL I-CUBE-wolfTPM 3.8.0
2025-12-15 17:46:46,917 [INFO] ThirdParty:1030 - CMSIS Pack Vendor :STMicroelectronics X-CUBE-AZRTOS-H7 3.4.0
2025-12-15 17:46:46,917 [INFO] ThirdParty:1030 - CMSIS Pack Vendor :STMicroelectronics X-CUBE-DISPLAY 3.0.0
2025-12-15 17:46:46,917 [INFO] ThirdParty:1030 - CMSIS Pack Vendor :wolfSSL I-CUBE-wolfSSH 1.4.20
2025-12-15 17:46:46,917 [INFO] ThirdParty:1030 - CMSIS Pack Vendor :STMicroelectronics X-CUBE-NFC7 2.0.0
2025-12-15 17:46:46,918 [INFO] ThirdParty:1030 - CMSIS Pack Vendor :STMicroelectronics X-CUBE-TCPP 4.2.0
2025-12-15 17:46:46,918 [INFO] ThirdParty:1030 - CMSIS Pack Vendor :RealThread X-CUBE-RT-Thread_Nano 4.1.1
2025-12-15 17:46:46,918 [INFO] ThirdParty:1030 - CMSIS Pack Vendor :STMicroelectronics FP-ATR-SIGFOX1 3.2.0
2025-12-15 17:46:46,918 [INFO] ThirdParty:1030 - CMSIS Pack Vendor :STMicroelectronics X-CUBE-NFC10 1.0.0
2025-12-15 17:46:46,918 [INFO] ThirdParty:1030 - CMSIS Pack Vendor :STMicroelectronics X-CUBE-FREERTOS 1.3.1
2025-12-15 17:46:46,918 [INFO] ThirdParty:1030 - CMSIS Pack Vendor :STMicroelectronics HAL Drivers 0.0.0
2025-12-15 17:46:46,918 [INFO] ThirdParty:1030 - CMSIS Pack Vendor :STMicroelectronics MBEDTLS 2.16.2
2025-12-15 17:46:46,918 [INFO] ThirdParty:1030 - CMSIS Pack Vendor :STMicroelectronics X-CUBE-ST60 1.1.0
2025-12-15 17:46:46,918 [INFO] ThirdParty:1030 - CMSIS Pack Vendor :STMicroelectronics X-CUBE-IPS 3.1.0
2025-12-15 17:46:46,920 [INFO] ThirdParty:1030 - CMSIS Pack Vendor :STMicroelectronics X-CUBE-ALS 1.0.2
2025-12-15 17:46:46,921 [INFO] ThirdParty:1030 - CMSIS Pack Vendor :emotas I-CUBE-CANOPEN 1.3.0
2025-12-15 17:46:46,922 [INFO] ThirdParty:1030 - CMSIS Pack Vendor :STMicroelectronics MBEDTLS 2.14.1
2025-12-15 17:46:46,922 [INFO] ThirdParty:1030 - CMSIS Pack Vendor :STMicroelectronics X-CUBE-GNSS1 7.1.0
2025-12-15 17:46:46,922 [INFO] ThirdParty:1030 - CMSIS Pack Vendor :ITTIA_DB I-CUBE-ITTIADB 8.9.0
2025-12-15 17:46:46,922 [INFO] ThirdParty:1030 - CMSIS Pack Vendor :STMicroelectronics X-CUBE-TOUCHGFX 4.26.0
2025-12-15 17:46:46,922 [INFO] ThirdParty:1030 - CMSIS Pack Vendor :STMicroelectronics X-CUBE-STSE01 1.0.0
2025-12-15 17:46:46,922 [INFO] ThirdParty:1030 - CMSIS Pack Vendor :STMicroelectronics X-CUBE-ST67W61 1.0.0
2025-12-15 17:46:46,922 [INFO] ThirdParty:1030 - CMSIS Pack Vendor :STMicroelectronics FP-SNS-STBOX1 2.1.0
2025-12-15 17:46:46,922 [INFO] ThirdParty:1030 - CMSIS Pack Vendor :STMicroelectronics X-CUBE-AI 10.2.0
2025-12-15 17:46:46,922 [INFO] ThirdParty:1030 - CMSIS Pack Vendor :STMicroelectronics FP-SNS-STAIOTCFT 1.0.0
2025-12-15 17:46:46,922 [INFO] ThirdParty:1030 - CMSIS Pack Vendor :STMicroelectronics ThreadX 1.0.0
2025-12-15 17:46:46,922 [INFO] ThirdParty:1030 - CMSIS Pack Vendor :STMicroelectronics FP-SNS-SMARTAG2 1.2.0
2025-12-15 17:46:46,922 [INFO] ThirdParty:1030 - CMSIS Pack Vendor :STMicroelectronics FP-SNS-FLIGHT1 5.1.0
2025-12-15 17:46:46,922 [INFO] ThirdParty:1030 - CMSIS Pack Vendor :STMicroelectronics X-CUBE-AZRTOS-WL 2.0.0
2025-12-15 17:46:46,922 [INFO] ThirdParty:1030 - CMSIS Pack Vendor :SEGGER I-CUBE-embOS 1.3.1
2025-12-15 17:46:46,922 [INFO] ThirdParty:1030 - CMSIS Pack Vendor :STMicroelectronics X-CUBE-ALGOBUILD 1.4.0
2025-12-15 17:46:46,922 [INFO] ThirdParty:1030 - CMSIS Pack Vendor :STMicroelectronics X-CUBE-DPower 1.3.0
2025-12-15 17:46:46,922 [INFO] ThirdParty:1030 - CMSIS Pack Vendor :STMicroelectronics X-CUBE-MEMS1 11.3.0
2025-12-15 17:46:46,922 [INFO] ThirdParty:1030 - CMSIS Pack Vendor :STMicroelectronics FP-SNS-MOTENV1 5.0.0
2025-12-15 17:46:46,922 [INFO] ThirdParty:1030 - CMSIS Pack Vendor :STMicroelectronics USB_DEVICE 1.0.0
2025-12-15 17:46:46,922 [INFO] ThirdParty:1030 - CMSIS Pack Vendor :STMicroelectronics X-CUBE-AZRTOS-H7RS 1.2.0
2025-12-15 17:46:46,923 [INFO] ThirdParty:1030 - CMSIS Pack Vendor :STMicroelectronics X-CUBE-AZRTOS-L4 2.0.0
2025-12-15 17:46:46,924 [INFO] ThirdParty:1030 - CMSIS Pack Vendor :STMicroelectronics ThreadX 0.0.2
2025-12-15 17:46:46,925 [INFO] ThirdParty:1030 - CMSIS Pack Vendor :STMicroelectronics lwIP 2.1.2
2025-12-15 17:46:46,926 [INFO] ThirdParty:1030 - CMSIS Pack Vendor :STMicroelectronics X-CUBE-SFXS2LP1 4.0.0
2025-12-15 17:46:46,926 [INFO] ThirdParty:1030 - CMSIS Pack Vendor :STMicroelectronics X-CUBE-BLE2 3.3.0
2025-12-15 17:46:46,927 [INFO] ThirdParty:1030 - CMSIS Pack Vendor :Avnet-IOTCONNECT X-CUBE-iotc-st67-sdk 1.0.0
2025-12-15 17:46:46,927 [INFO] ThirdParty:1030 - CMSIS Pack Vendor :STMicroelectronics X-CUBE-TOF1 3.4.3
2025-12-15 17:46:46,929 [INFO] ThirdParty:1030 - CMSIS Pack Vendor :STMicroelectronics PDM2PCM 3.2.0
2025-12-15 17:46:46,931 [INFO] ThirdParty:841 - exiting critical section [change project]
2025-12-15 17:46:49,006 [INFO] PinOutPanel:1589 - setPackage(No Configuration,No Configuration)
2025-12-15 17:46:49,012 [INFO] PinOutPanel:1589 - setPackage(STM32L476RGTx,LQFP64)
2025-12-15 17:46:51,556 [INFO] UtilMem:75 - Before build in PCC Used Memory: 895019312 Bytes (1073741824)
2025-12-15 17:46:53,123 [INFO] UtilMem:75 - After build in PCC Used Memory: 976808240 Bytes (1073741824)
2025-12-15 17:46:53,233 [INFO] IPUIPlugin:80 - create IPUIPlugin
2025-12-15 17:46:53,233 [INFO] IPUIPlugin:80 - create IPUIPlugin
2025-12-15 17:46:53,234 [INFO] IPUIPlugin:80 - create IPUIPlugin
2025-12-15 17:46:53,235 [INFO] IPUIPlugin:80 - create IPUIPlugin
2025-12-15 17:46:53,237 [INFO] IPUIPlugin:80 - create IPUIPlugin
2025-12-15 17:46:53,237 [INFO] IPUIPlugin:80 - create IPUIPlugin
2025-12-15 17:46:53,239 [INFO] IPUIPlugin:80 - create IPUIPlugin
2025-12-15 17:46:53,241 [INFO] IPUIPlugin:80 - create IPUIPlugin
2025-12-15 17:46:53,242 [INFO] IPUIPlugin:80 - create IPUIPlugin
2025-12-15 17:46:53,243 [INFO] IPUIPlugin:80 - create IPUIPlugin
2025-12-15 17:46:53,275 [INFO] IPUIPlugin:80 - create IPUIPlugin
2025-12-15 17:46:53,276 [INFO] IPUIPlugin:80 - create IPUIPlugin
2025-12-15 17:46:53,276 [INFO] IPUIPlugin:80 - create IPUIPlugin
2025-12-15 17:46:53,277 [INFO] IPUIPlugin:80 - create IPUIPlugin
2025-12-15 17:46:53,277 [INFO] IPUIPlugin:80 - create IPUIPlugin
2025-12-15 17:46:53,277 [INFO] IPUIPlugin:80 - create IPUIPlugin
2025-12-15 17:46:53,277 [INFO] IPUIPlugin:80 - create IPUIPlugin
2025-12-15 17:46:53,277 [INFO] IPUIPlugin:80 - create IPUIPlugin
2025-12-15 17:46:53,278 [INFO] IPUIPlugin:80 - create IPUIPlugin
2025-12-15 17:46:53,278 [INFO] IPUIPlugin:80 - create IPUIPlugin
2025-12-15 17:46:53,278 [INFO] IPUIPlugin:80 - create IPUIPlugin
2025-12-15 17:46:53,278 [INFO] IPUIPlugin:80 - create IPUIPlugin
2025-12-15 17:46:53,278 [INFO] IPUIPlugin:80 - create IPUIPlugin
2025-12-15 17:46:53,279 [INFO] IPUIPlugin:80 - create IPUIPlugin
2025-12-15 17:46:53,279 [INFO] IPUIPlugin:80 - create IPUIPlugin
2025-12-15 17:46:53,279 [INFO] IPUIPlugin:80 - create IPUIPlugin
2025-12-15 17:46:53,279 [INFO] IPUIPlugin:80 - create IPUIPlugin
2025-12-15 17:46:53,280 [INFO] IPUIPlugin:80 - create IPUIPlugin
2025-12-15 17:46:53,280 [INFO] IPUIPlugin:80 - create IPUIPlugin
2025-12-15 17:46:53,280 [INFO] IPUIPlugin:80 - create IPUIPlugin
2025-12-15 17:46:53,281 [INFO] IPUIPlugin:80 - create IPUIPlugin
2025-12-15 17:46:53,281 [INFO] IPUIPlugin:80 - create IPUIPlugin
2025-12-15 17:46:53,281 [INFO] IPUIPlugin:80 - create IPUIPlugin
2025-12-15 17:46:53,282 [INFO] IPUIPlugin:80 - create IPUIPlugin
2025-12-15 17:46:53,282 [INFO] IPUIPlugin:80 - create IPUIPlugin
2025-12-15 17:46:53,282 [INFO] IPUIPlugin:80 - create IPUIPlugin
2025-12-15 17:46:53,282 [INFO] IPUIPlugin:80 - create IPUIPlugin
2025-12-15 17:46:53,282 [INFO] IPUIPlugin:80 - create IPUIPlugin
2025-12-15 17:46:53,282 [INFO] IPUIPlugin:80 - create IPUIPlugin
2025-12-15 17:46:53,283 [INFO] IPUIPlugin:80 - create IPUIPlugin
2025-12-15 17:46:53,283 [INFO] IPUIPlugin:80 - create IPUIPlugin
2025-12-15 17:46:53,283 [INFO] IPUIPlugin:80 - create IPUIPlugin
2025-12-15 17:46:53,283 [INFO] IPUIPlugin:80 - create IPUIPlugin
2025-12-15 17:46:53,283 [INFO] IPUIPlugin:80 - create IPUIPlugin
2025-12-15 17:46:53,283 [INFO] IPUIPlugin:80 - create IPUIPlugin
2025-12-15 17:46:53,283 [INFO] IPUIPlugin:80 - create IPUIPlugin
2025-12-15 17:46:53,283 [INFO] IPUIPlugin:80 - create IPUIPlugin
2025-12-15 17:46:53,283 [INFO] IPUIPlugin:80 - create IPUIPlugin
2025-12-15 17:46:53,284 [INFO] IPUIPlugin:80 - create IPUIPlugin
2025-12-15 17:46:53,284 [INFO] IPUIPlugin:80 - create IPUIPlugin
2025-12-15 17:46:53,285 [INFO] IPUIPlugin:80 - create IPUIPlugin
2025-12-15 17:46:53,285 [INFO] IPUIPlugin:80 - create IPUIPlugin
2025-12-15 17:46:53,285 [INFO] IPUIPlugin:80 - create IPUIPlugin
2025-12-15 17:46:53,285 [INFO] IPUIPlugin:80 - create IPUIPlugin
2025-12-15 17:46:53,286 [INFO] IPUIPlugin:80 - create IPUIPlugin
2025-12-15 17:46:53,286 [INFO] IPUIPlugin:80 - create IPUIPlugin
2025-12-15 17:46:53,286 [INFO] IPUIPlugin:80 - create IPUIPlugin
2025-12-15 17:46:53,287 [INFO] IPUIPlugin:80 - create IPUIPlugin
2025-12-15 17:46:53,287 [INFO] IPUIPlugin:80 - create IPUIPlugin
2025-12-15 17:46:53,510 [INFO] CADModel:165 - CPN selected for project levelSTM32L476RGT3
2025-12-15 17:46:53,510 [INFO] CADModel:114 - Register for checkConnection events
2025-12-15 17:46:53,605 [INFO] OpenFileManager:386 - Restore cursor
2025-12-15 17:47:20,982 [INFO] ADCParametersView:116 -                Rank 1 : false
2025-12-15 17:47:21,428 [INFO] ADCParametersView:116 -                Rank 1 : false
2025-12-15 17:47:21,430 [INFO] ADCParametersView:116 -                Rank 1 : false
2025-12-15 17:47:21,431 [INFO] ADCParametersView:116 -                Rank 1 : false
2025-12-15 17:47:21,431 [INFO] ADCParametersView:116 -                Rank 1 : false
2025-12-15 17:47:21,432 [INFO] ADCParametersView:116 -                Rank 1 : false
2025-12-15 17:47:21,435 [INFO] ADCParametersView:116 -                Rank 1 : false
2025-12-15 17:47:21,435 [INFO] ADCParametersView:116 -                Rank 1 : false
2025-12-15 17:47:21,436 [INFO] ADCParametersView:116 -                Rank 1 : false
2025-12-15 17:47:21,436 [INFO] ADCParametersView:116 -                Rank 1 : false
2025-12-15 17:47:21,437 [INFO] ADCParametersView:116 -                Rank 1 : false
2025-12-15 17:47:21,437 [INFO] ADCParametersView:116 -                Rank 1 : false
2025-12-15 17:47:21,438 [INFO] ADCParametersView:116 -                Rank 1 : false
2025-12-15 17:47:21,438 [INFO] ADCParametersView:116 -                Rank 1 : false
2025-12-15 17:47:21,439 [INFO] ADCParametersView:116 -                Rank 1 : false
2025-12-15 17:47:21,439 [INFO] ADCParametersView:116 -                Rank 1 : false
2025-12-15 17:47:21,439 [INFO] ADCParametersView:116 -                Rank 1 : false
2025-12-15 17:47:21,440 [INFO] ADCParametersView:116 -                Rank 1 : false
2025-12-15 17:47:21,440 [INFO] ADCParametersView:116 -                Rank 1 : false
2025-12-15 17:47:21,440 [INFO] ADCParametersView:116 -                Rank 1 : false
2025-12-15 17:47:21,440 [INFO] ADCParametersView:116 -                Rank 1 : false
2025-12-15 17:47:21,544 [INFO] ADCParametersView:116 -                Rank 1 : false
2025-12-15 18:51:45,812 [INFO] MainUpdater:2872 - connection check result : 10
2025-12-15 18:51:45,820 [INFO] MainUpdater:2872 - connection check result : 10
2025-12-15 18:51:46,616 [INFO] MicroXplorer:468 - Change Database Path : 
2025-12-15 18:51:46,617 [INFO] MicroXplorer:498 - Change Database Version : DB.6.0.150
2025-12-15 18:51:46,895 [ERROR] ProjectManagerView:395 - 
java.lang.NullPointerException: Cannot invoke "javax.swing.JTextField.getText()" because the return value of "java.util.List.get(int)" is null
	at com.st.microxplorer.plugins.projectmanager.gui.ProjectChoiceTab$9.caretUpdate(ProjectChoiceTab.java:2706) ~[filemanager.jar:?]
	at javax.swing.text.JTextComponent.fireCaretUpdate(JTextComponent.java:408) ~[?:?]
	at javax.swing.text.JTextComponent$MutableCaretEvent.fire(JTextComponent.java:4484) ~[?:?]
	at javax.swing.text.JTextComponent$MutableCaretEvent.stateChanged(JTextComponent.java:4506) ~[?:?]
	at javax.swing.text.DefaultCaret.fireStateChanged(DefaultCaret.java:857) ~[?:?]
	at javax.swing.text.DefaultCaret.changeCaretPosition(DefaultCaret.java:1343) ~[?:?]
	at javax.swing.text.DefaultCaret.handleSetDot(DefaultCaret.java:1242) ~[?:?]
	at javax.swing.text.DefaultCaret.setDot(DefaultCaret.java:1223) ~[?:?]
	at javax.swing.text.DefaultCaret$Handler.insertUpdate(DefaultCaret.java:1819) ~[?:?]
	at javax.swing.text.AbstractDocument.fireInsertUpdate(AbstractDocument.java:227) ~[?:?]
	at javax.swing.text.AbstractDocument.handleInsertString(AbstractDocument.java:781) ~[?:?]
	at javax.swing.text.AbstractDocument.insertString(AbstractDocument.java:740) ~[?:?]
	at javax.swing.text.PlainDocument.insertString(PlainDocument.java:131) ~[?:?]
	at javax.swing.text.AbstractDocument.replace(AbstractDocument.java:699) ~[?:?]
	at javax.swing.text.JTextComponent.setText(JTextComponent.java:1725) ~[?:?]
	at com.st.microxplorer.plugins.projectmanager.gui.ProjectChoiceTab.createHeapStackFields(ProjectChoiceTab.java:993) ~[filemanager.jar:?]
	at com.st.microxplorer.plugins.projectmanager.gui.ProjectChoiceTab.buildLinkSettingsPanel(ProjectChoiceTab.java:3813) ~[filemanager.jar:?]
	at com.st.microxplorer.plugins.projectmanager.gui.ProjectChoiceTab.defineWindowsFields(ProjectChoiceTab.java:1987) ~[filemanager.jar:?]
	at com.st.microxplorer.plugins.projectmanager.gui.ProjectChoiceTab.updateSettings(ProjectChoiceTab.java:558) ~[filemanager.jar:?]
	at com.st.microxplorer.plugins.projectmanager.gui.ProjectSettingsPanel.UpdateDialog(ProjectSettingsPanel.java:247) ~[filemanager.jar:?]
	at com.st.microxplorer.plugins.projectmanager.ProjectManagerView.propertyChange(ProjectManagerView.java:392) ~[filemanager.jar:?]
	at java.beans.PropertyChangeSupport.fire(PropertyChangeSupport.java:343) ~[?:?]
	at java.beans.PropertyChangeSupport.firePropertyChange(PropertyChangeSupport.java:335) ~[?:?]
	at java.beans.PropertyChangeSupport.firePropertyChange(PropertyChangeSupport.java:268) ~[?:?]
	at com.st.microxplorer.util.MXPropertyChangeSupport.firePropertyChange(MXPropertyChangeSupport.java:54) ~[STM32CubeMX.jar:?]
	at com.st.microxplorer.mxsystem.MxSystem.closeConfig(MxSystem.java:899) ~[STM32CubeMX.jar:?]
	at com.st.microxplorer.maingui.MainPanel.closeConfig(MainPanel.java:792) ~[STM32CubeMX.jar:?]
	at com.st.microxplorer.plugins.filemanager.engine.OpenFileManager.loadConfigurationFile(OpenFileManager.java:288) ~[filemanager.jar:?]
	at com.st.microxplorer.plugins.filemanager.engine.MainFileManager.userLoadConfig(MainFileManager.java:364) ~[filemanager.jar:?]
	at com.st.microxplorer.plugins.filemanager.engine.MainFileManager.userLoadConfig(MainFileManager.java:342) ~[filemanager.jar:?]
	at com.st.microxplorer.plugins.filemanager.FileManagerView.getSpecificTask(FileManagerView.java:264) ~[filemanager.jar:?]
	at com.st.stm32cube.common.mx.editor.CubeMxEditor.getMxTabbedPaneInstance(CubeMxEditor.java:1198) ~[com.st.stm32cube.common.mx_6.15.0.202507011659/:?]
	at com.st.stm32cube.common.mx.editor.CubeMxEditor$12$1.createSwingComponent(CubeMxEditor.java:1068) ~[com.st.stm32cube.common.mx_6.15.0.202507011659/:?]
	at com.st.stm32cube.common.mx.oss.core.awtswtbridge.EmbeddedSwingComposite.doComponentCreation(EmbeddedSwingComposite.java:492) ~[com.st.stm32cube.common.mx.oss_6.15.0.202507011659/:?]
	at com.st.stm32cube.common.mx.oss.core.awtswtbridge.EmbeddedSwingComposite$4.run(EmbeddedSwingComposite.java:291) ~[com.st.stm32cube.common.mx.oss_6.15.0.202507011659/:?]
	at com.st.stm32cube.common.mx.oss.core.awtswtbridge.AwtEnvironment$2.run(AwtEnvironment.java:166) ~[com.st.stm32cube.common.mx.oss_6.15.0.202507011659/:?]
	at java.awt.event.InvocationEvent.dispatch(InvocationEvent.java:318) ~[?:?]
	at java.awt.EventQueue.dispatchEventImpl(EventQueue.java:773) ~[?:?]
	at java.awt.EventQueue$4.run(EventQueue.java:720) ~[?:?]
	at java.awt.EventQueue$4.run(EventQueue.java:714) ~[?:?]
	at java.security.AccessController.doPrivileged(AccessController.java:400) ~[?:?]
	at java.security.ProtectionDomain$JavaSecurityAccessImpl.doIntersectionPrivilege(ProtectionDomain.java:87) ~[?:?]
	at java.awt.EventQueue.dispatchEvent(EventQueue.java:742) ~[?:?]
	at java.awt.EventDispatchThread.pumpOneEventForFilters(EventDispatchThread.java:203) ~[?:?]
	at java.awt.EventDispatchThread.pumpEventsForFilter(EventDispatchThread.java:124) ~[?:?]
	at java.awt.EventDispatchThread.pumpEventsForHierarchy(EventDispatchThread.java:113) ~[?:?]
	at java.awt.EventDispatchThread.pumpEvents(EventDispatchThread.java:109) ~[?:?]
	at java.awt.EventDispatchThread.pumpEvents(EventDispatchThread.java:101) ~[?:?]
	at java.awt.EventDispatchThread.run(EventDispatchThread.java:90) ~[?:?]
2025-12-15 18:51:46,901 [WARN] ThirdParty:871 - waiting for thirdparty lock release [close project]
2025-12-15 18:51:46,901 [INFO] ThirdParty:873 - entering critical section [close project]
2025-12-15 18:51:46,902 [INFO] ThirdParty:883 - exiting critical section [close project]
2025-12-15 18:51:46,915 [INFO] PinOutPanel:1589 - setPackage(No Configuration,No Configuration)
2025-12-15 18:51:46,939 [INFO] UtilMem:75 - Begin LoadConfig() Used Memory: 859348592 Bytes (1073741824)
2025-12-15 18:51:46,940 [INFO] MicroXplorer:468 - Change Database Path : 
2025-12-15 18:51:46,940 [INFO] MicroXplorer:498 - Change Database Version : DB.6.0.150
2025-12-15 18:51:46,941 [INFO] OpenFileManager:355 - Change cursor
2025-12-15 18:51:47,053 [INFO] Mcu:2029 - Initializing MCU STM32L476R(C-E-G)Tx STM32L476RGTx STM32L476RGT3
2025-12-15 18:51:52,470 [INFO] Context:786 - Trying to add GPIOservice into a context  which must be forbidden
2025-12-15 18:51:54,414 [INFO] ImportTextPane:234 - (OptionalMessage_ERROR) Pin16 (VP_RIF_VS_RIF1) cannot be retrieved for this MCU
2025-12-15 18:51:55,058 [INFO] RtosManager:558 - Registered RTOS mode: class=CMSIS, group=RTOS, mode=CMSIS_V1, owner=FREERTOS
2025-12-15 18:51:55,059 [INFO] RtosManager:558 - Registered RTOS mode: class=CMSIS, group=RTOS2, mode=CMSIS_V2, owner=FREERTOS
2025-12-15 18:51:55,060 [INFO] RtosManager:558 - Registered RTOS mode: class=RTOS, group=Core, mode=CMSIS_V1, owner=FREERTOS
2025-12-15 18:51:55,060 [INFO] RtosManager:558 - Registered RTOS mode: class=RTOS, group=Core, mode=CMSIS_V2, owner=FREERTOS
2025-12-15 18:51:55,060 [WARN] ModelIntegratedComponent:184 - Missing modes for component STMicroelectronics:FreeRTOS:0.0.1:STMicroelectronics:RTOS:FreeRTOS:Core:::10.2.0:
2025-12-15 18:51:55,088 [WARN] ModelIntegratedComponent:63 - No mode defined for component null
2025-12-15 18:51:55,089 [WARN] ModelIntegratedComponent:63 - No mode defined for component null
2025-12-15 18:51:55,089 [WARN] ModelIntegratedComponent:63 - No mode defined for component null
2025-12-15 18:51:55,089 [WARN] ModelIntegratedComponent:63 - No mode defined for component null
2025-12-15 18:51:55,089 [WARN] ModelIntegratedComponent:63 - No mode defined for component null
2025-12-15 18:51:55,090 [WARN] ModelIntegratedComponent:63 - No mode defined for component null
2025-12-15 18:51:55,090 [WARN] ModelIntegratedComponent:63 - No mode defined for component null
2025-12-15 18:51:55,090 [WARN] ModelIntegratedComponent:63 - No mode defined for component null
2025-12-15 18:51:55,090 [WARN] ModelIntegratedComponent:63 - No mode defined for component null
2025-12-15 18:51:55,090 [WARN] ModelIntegratedComponent:63 - No mode defined for component null
2025-12-15 18:51:55,090 [WARN] ModelIntegratedComponent:63 - No mode defined for component null
2025-12-15 18:51:55,090 [WARN] ModelIntegratedComponent:63 - No mode defined for component null
2025-12-15 18:51:55,090 [WARN] ModelIntegratedComponent:63 - No mode defined for component null
2025-12-15 18:51:55,090 [WARN] ModelIntegratedComponent:63 - No mode defined for component null
2025-12-15 18:51:55,090 [WARN] ModelIntegratedComponent:63 - No mode defined for component null
2025-12-15 18:51:55,090 [WARN] ModelIntegratedComponent:63 - No mode defined for component null
2025-12-15 18:51:55,090 [WARN] ModelIntegratedComponent:63 - No mode defined for component null
2025-12-15 18:51:55,090 [WARN] ModelIntegratedComponent:63 - No mode defined for component null
2025-12-15 18:51:55,090 [WARN] ModelIntegratedComponent:63 - No mode defined for component null
2025-12-15 18:51:55,090 [WARN] ModelIntegratedComponent:63 - No mode defined for component null
2025-12-15 18:51:55,090 [WARN] ModelIntegratedComponent:63 - No mode defined for component null
2025-12-15 18:51:55,091 [WARN] ModelIntegratedComponent:63 - No mode defined for component null
2025-12-15 18:51:55,091 [WARN] ModelIntegratedComponent:63 - No mode defined for component null
2025-12-15 18:51:55,092 [WARN] ModelIntegratedComponent:63 - No mode defined for component null
2025-12-15 18:51:55,093 [WARN] ModelIntegratedComponent:63 - No mode defined for component null
2025-12-15 18:51:55,094 [WARN] ModelIntegratedComponent:63 - No mode defined for component null
2025-12-15 18:51:55,095 [WARN] ModelIntegratedComponent:63 - No mode defined for component null
2025-12-15 18:51:55,096 [WARN] ModelIntegratedComponent:63 - No mode defined for component null
2025-12-15 18:51:55,098 [WARN] ModelIntegratedComponent:63 - No mode defined for component null
2025-12-15 18:51:55,099 [WARN] ModelIntegratedComponent:63 - No mode defined for component null
2025-12-15 18:51:55,100 [WARN] ModelIntegratedComponent:63 - No mode defined for component null
2025-12-15 18:51:55,100 [WARN] ModelIntegratedComponent:63 - No mode defined for component null
2025-12-15 18:51:55,100 [WARN] ModelIntegratedComponent:63 - No mode defined for component null
2025-12-15 18:51:55,100 [WARN] ModelIntegratedComponent:63 - No mode defined for component null
2025-12-15 18:51:55,100 [WARN] ModelIntegratedComponent:63 - No mode defined for component null
2025-12-15 18:51:55,102 [WARN] ModelPack:524 - Component already loaded: STMicroelectronics:HAL Drivers:0.0.0:STMicroelectronics:Device:STMicro_Driver:XSPI:HAL::0.0.1:HAL_XSPI
2025-12-15 18:51:55,500 [INFO] ThirdPartyModel:298 - Start build external matchings
2025-12-15 18:51:56,480 [INFO] ThirdPartyModel:316 - End build external matchings
2025-12-15 18:51:56,535 [INFO] ImportTextPane:234 - (OptionalMessage_ERROR) IP (ADC1) : Parameter (CommonPathInternal) has invalid value (null|null|null|null)
2025-12-15 18:51:56,549 [INFO] ImportTextPane:234 - (OptionalMessage_ERROR) IP (RCC) : Invalid parameter (FamilyName)
2025-12-15 18:51:56,559 [INFO] ImportTextPane:234 - (OptionalMessage_ERROR) IP (RCC) : Parameter (RNGFreq_Value) has invalid value (64000000)
2025-12-15 18:51:56,559 [INFO] ImportTextPane:234 - (OptionalMessage_ERROR) IP (RCC) : Parameter (SDMMCFreq_Value) has invalid value (64000000)
2025-12-15 18:51:56,559 [INFO] ImportTextPane:234 - (OptionalMessage_ERROR) IP (RCC) : Parameter (USBFreq_Value) has invalid value (64000000)
2025-12-15 18:51:56,984 [INFO] UtilMem:75 - End LoadConfig() Used Memory: 836602456 Bytes (1073741824)
2025-12-15 18:51:57,365 [WARN] ThirdParty:833 - waiting for thirdparty lock release [change project]
2025-12-15 18:51:57,384 [INFO] ThirdParty:835 - entering critical section [change project]
2025-12-15 18:51:57,385 [INFO] ThirdParty:1030 - CMSIS Pack Vendor :STMicroelectronics X-CUBE-PM33A1 1.0.0
2025-12-15 18:51:57,385 [INFO] ThirdParty:1030 - CMSIS Pack Vendor :STMicroelectronics USBPD 4.1
2025-12-15 18:51:57,385 [INFO] ThirdParty:1030 - CMSIS Pack Vendor :STMicroelectronics X-CUBE-NFC9 1.0.0
2025-12-15 18:51:57,385 [INFO] ThirdParty:1030 - CMSIS Pack Vendor :STMicroelectronics USB_HOST 2.0.0
2025-12-15 18:51:57,385 [INFO] ThirdParty:1030 - CMSIS Pack Vendor :STMicroelectronics FP-SNS-MOTENVWB1 1.4.0
2025-12-15 18:51:57,385 [INFO] ThirdParty:1030 - CMSIS Pack Vendor :STMicroelectronics X-CUBE-AZRTOS-F4 1.1.0
2025-12-15 18:51:57,385 [INFO] ThirdParty:1030 - CMSIS Pack Vendor :STMicroelectronics LIBJPEG 8.0.0
2025-12-15 18:51:57,385 [INFO] ThirdParty:1030 - CMSIS Pack Vendor :STMicroelectronics FP-ATR-ASTRA1 2.0.2
2025-12-15 18:51:57,386 [INFO] ThirdParty:1030 - CMSIS Pack Vendor :wolfSSL I-CUBE-wolfSSL 5.8.2
2025-12-15 18:51:57,386 [INFO] ThirdParty:1030 - CMSIS Pack Vendor :STMicroelectronics X-CUBE-BLE1 7.1.0
2025-12-15 18:51:57,387 [INFO] ThirdParty:1030 - CMSIS Pack Vendor :STMicroelectronics X-CUBE-SMBUS 2.1.0
2025-12-15 18:51:57,388 [INFO] ThirdParty:1030 - CMSIS Pack Vendor :wolfSSL I-CUBE-wolfMQTT 1.19.2
2025-12-15 18:51:57,388 [INFO] ThirdParty:1030 - CMSIS Pack Vendor :STMicroelectronics USB_DEVICE 3.0.0
2025-12-15 18:51:57,388 [INFO] ThirdParty:1030 - CMSIS Pack Vendor :STMicroelectronics X-CUBE-ISPU 2.1.0
2025-12-15 18:51:57,388 [INFO] ThirdParty:1030 - CMSIS Pack Vendor :STMicroelectronics X-CUBE-FREERTOS 1.4.0
2025-12-15 18:51:57,388 [INFO] ThirdParty:1030 - CMSIS Pack Vendor :STMicroelectronics X-CUBE-EEPRMA1 5.2.0
2025-12-15 18:51:57,388 [INFO] ThirdParty:1030 - CMSIS Pack Vendor :STMicroelectronics X-CUBE-IPS 3.2.0
2025-12-15 18:51:57,388 [INFO] ThirdParty:1030 - CMSIS Pack Vendor :STMicroelectronics X-CUBE-BLEMGR 4.1.0
2025-12-15 18:51:57,388 [INFO] ThirdParty:1030 - CMSIS Pack Vendor :STMicroelectronics X-CUBE-AZRTOS-WB 2.0.0
2025-12-15 18:51:57,388 [INFO] ThirdParty:1030 - CMSIS Pack Vendor :STMicroelectronics X-CUBE-ST60 1.0.0
2025-12-15 18:51:57,388 [INFO] ThirdParty:1030 - CMSIS Pack Vendor :STMicroelectronics X-CUBE-GNSS1 7.0.1
2025-12-15 18:51:57,389 [INFO] ThirdParty:1030 - CMSIS Pack Vendor :STMicroelectronics X-CUBE-NFC12 1.0.0
2025-12-15 18:51:57,389 [INFO] ThirdParty:1030 - CMSIS Pack Vendor :STMicroelectronics X-CUBE-AZRTOS-F7 1.1.0
2025-12-15 18:51:57,389 [INFO] ThirdParty:1030 - CMSIS Pack Vendor :STMicroelectronics X-CUBE-AZRTOS-L5 2.0.0
2025-12-15 18:51:57,390 [INFO] ThirdParty:1030 - CMSIS Pack Vendor :STMicroelectronics X-CUBE-TOUCHGFX 4.25.0
2025-12-15 18:51:57,390 [INFO] ThirdParty:1030 - CMSIS Pack Vendor :STMicroelectronics USB_DEVICE 2.0.0
2025-12-15 18:51:57,390 [INFO] ThirdParty:1030 - CMSIS Pack Vendor :STMicroelectronics X-CUBE-NFC6 3.1.0
2025-12-15 18:51:57,390 [INFO] ThirdParty:1030 - CMSIS Pack Vendor :STMicroelectronics X-CUBE-ST67W61 1.1.0
2025-12-15 18:51:57,390 [INFO] ThirdParty:1030 - CMSIS Pack Vendor :Cesanta I-CUBE-Mongoose 7.19.0
2025-12-15 18:51:57,390 [INFO] ThirdParty:1030 - CMSIS Pack Vendor :quantropi X-CUBE-qispace-sdk-base 2.1.0
2025-12-15 18:51:57,390 [INFO] ThirdParty:1030 - CMSIS Pack Vendor :STMicroelectronics X-CUBE-MEMS1 12.0.0
2025-12-15 18:51:57,390 [INFO] ThirdParty:1030 - CMSIS Pack Vendor :STMicroelectronics FP-SNS-MOTENV1 5.1.0
2025-12-15 18:51:57,390 [INFO] ThirdParty:1030 - CMSIS Pack Vendor :STMicroelectronics FreeRTOS 0.0.1
2025-12-15 18:51:57,390 [INFO] ThirdParty:1030 - CMSIS Pack Vendor :STMicroelectronics X-CUBE-AZRTOS-G0 1.1.0
2025-12-15 18:51:57,390 [INFO] ThirdParty:1030 - CMSIS Pack Vendor :STMicroelectronics X-CUBE-SAFEA1 1.2.2
2025-12-15 18:51:57,390 [INFO] ThirdParty:1030 - CMSIS Pack Vendor :STMicroelectronics X-CUBE-NFC4 3.0.0
2025-12-15 18:51:57,390 [INFO] ThirdParty:1030 - CMSIS Pack Vendor :STMicroelectronics X-CUBE-SUBG2 5.0.0
2025-12-15 18:51:57,390 [INFO] ThirdParty:1030 - CMSIS Pack Vendor :STMicroelectronics X-CUBE-AZRTOS-H7RS 1.1.0
2025-12-15 18:51:57,390 [INFO] ThirdParty:1030 - CMSIS Pack Vendor :STMicroelectronics STM32_WPAN 1.0.0
2025-12-15 18:51:57,391 [INFO] ThirdParty:1030 - CMSIS Pack Vendor :EmbeddedOffice I-CUBE-FS-RTOS 1.0.1
2025-12-15 18:51:57,391 [INFO] ThirdParty:1030 - CMSIS Pack Vendor :STMicroelectronics lwIP 2.0.3
2025-12-15 18:51:57,391 [INFO] ThirdParty:1030 - CMSIS Pack Vendor :WES I-CUBE-Cesium 1.4.0
2025-12-15 18:51:57,391 [INFO] ThirdParty:1030 - CMSIS Pack Vendor :STMicroelectronics USB_HOST 1.0.0
2025-12-15 18:51:57,391 [INFO] ThirdParty:1030 - CMSIS Pack Vendor :Infineon AIROC-Wi-Fi-Bluetooth-STM32 1.7.1
2025-12-15 18:51:57,391 [INFO] ThirdParty:1030 - CMSIS Pack Vendor :STMicroelectronics X-CUBE-AZRTOS-G4 2.0.0
2025-12-15 18:51:57,391 [INFO] ThirdParty:1030 - CMSIS Pack Vendor :STMicroelectronics X-CUBE-WB05N 2.0.0
2025-12-15 18:51:57,391 [INFO] ThirdParty:1030 - CMSIS Pack Vendor :STMicroelectronics PDM2PCM 3.1.0
2025-12-15 18:51:57,391 [INFO] ThirdParty:1030 - CMSIS Pack Vendor :STMicroelectronics PDM2PCM 3.3.0
2025-12-15 18:51:57,394 [INFO] ThirdParty:1030 - CMSIS Pack Vendor :wolfSSL I-CUBE-wolfTPM 3.8.0
2025-12-15 18:51:57,396 [INFO] ThirdParty:1030 - CMSIS Pack Vendor :STMicroelectronics X-CUBE-AZRTOS-H7 3.4.0
2025-12-15 18:51:57,398 [INFO] ThirdParty:1030 - CMSIS Pack Vendor :STMicroelectronics X-CUBE-DISPLAY 3.0.0
2025-12-15 18:51:57,400 [INFO] ThirdParty:1030 - CMSIS Pack Vendor :wolfSSL I-CUBE-wolfSSH 1.4.20
2025-12-15 18:51:57,401 [INFO] ThirdParty:1030 - CMSIS Pack Vendor :STMicroelectronics X-CUBE-NFC7 2.0.0
2025-12-15 18:51:57,401 [INFO] ThirdParty:1030 - CMSIS Pack Vendor :STMicroelectronics X-CUBE-TCPP 4.2.0
2025-12-15 18:51:57,402 [INFO] ThirdParty:1030 - CMSIS Pack Vendor :RealThread X-CUBE-RT-Thread_Nano 4.1.1
2025-12-15 18:51:57,402 [INFO] ThirdParty:1030 - CMSIS Pack Vendor :STMicroelectronics FP-ATR-SIGFOX1 3.2.0
2025-12-15 18:51:57,403 [INFO] ThirdParty:1030 - CMSIS Pack Vendor :STMicroelectronics X-CUBE-NFC10 1.0.0
2025-12-15 18:51:57,403 [INFO] ThirdParty:1030 - CMSIS Pack Vendor :STMicroelectronics X-CUBE-FREERTOS 1.3.1
2025-12-15 18:51:57,403 [INFO] ThirdParty:1030 - CMSIS Pack Vendor :STMicroelectronics HAL Drivers 0.0.0
2025-12-15 18:51:57,404 [INFO] ThirdParty:1030 - CMSIS Pack Vendor :STMicroelectronics MBEDTLS 2.16.2
2025-12-15 18:51:57,404 [INFO] ThirdParty:1030 - CMSIS Pack Vendor :STMicroelectronics X-CUBE-ST60 1.1.0
2025-12-15 18:51:57,405 [INFO] ThirdParty:1030 - CMSIS Pack Vendor :STMicroelectronics X-CUBE-IPS 3.1.0
2025-12-15 18:51:57,406 [INFO] ThirdParty:1030 - CMSIS Pack Vendor :STMicroelectronics X-CUBE-ALS 1.0.2
2025-12-15 18:51:57,407 [INFO] ThirdParty:1030 - CMSIS Pack Vendor :emotas I-CUBE-CANOPEN 1.3.0
2025-12-15 18:51:57,407 [INFO] ThirdParty:1030 - CMSIS Pack Vendor :STMicroelectronics MBEDTLS 2.14.1
2025-12-15 18:51:57,411 [INFO] ThirdParty:1030 - CMSIS Pack Vendor :STMicroelectronics X-CUBE-GNSS1 7.1.0
2025-12-15 18:51:57,414 [INFO] ThirdParty:1030 - CMSIS Pack Vendor :ITTIA_DB I-CUBE-ITTIADB 8.9.0
2025-12-15 18:51:57,416 [INFO] ThirdParty:1030 - CMSIS Pack Vendor :STMicroelectronics X-CUBE-TOUCHGFX 4.26.0
2025-12-15 18:51:57,417 [INFO] ThirdParty:1030 - CMSIS Pack Vendor :STMicroelectronics X-CUBE-STSE01 1.0.0
2025-12-15 18:51:57,417 [INFO] ThirdParty:1030 - CMSIS Pack Vendor :STMicroelectronics X-CUBE-ST67W61 1.0.0
2025-12-15 18:51:57,417 [INFO] ThirdParty:1030 - CMSIS Pack Vendor :STMicroelectronics FP-SNS-STBOX1 2.1.0
2025-12-15 18:51:57,417 [INFO] ThirdParty:1030 - CMSIS Pack Vendor :STMicroelectronics X-CUBE-AI 10.2.0
2025-12-15 18:51:57,417 [INFO] ThirdParty:1030 - CMSIS Pack Vendor :STMicroelectronics FP-SNS-STAIOTCFT 1.0.0
2025-12-15 18:51:57,417 [INFO] ThirdParty:1030 - CMSIS Pack Vendor :STMicroelectronics ThreadX 1.0.0
2025-12-15 18:51:57,417 [INFO] ThirdParty:1030 - CMSIS Pack Vendor :STMicroelectronics FP-SNS-SMARTAG2 1.2.0
2025-12-15 18:51:57,417 [INFO] ThirdParty:1030 - CMSIS Pack Vendor :STMicroelectronics FP-SNS-FLIGHT1 5.1.0
2025-12-15 18:51:57,417 [INFO] ThirdParty:1030 - CMSIS Pack Vendor :STMicroelectronics X-CUBE-AZRTOS-WL 2.0.0
2025-12-15 18:51:57,417 [INFO] ThirdParty:1030 - CMSIS Pack Vendor :SEGGER I-CUBE-embOS 1.3.1
2025-12-15 18:51:57,417 [INFO] ThirdParty:1030 - CMSIS Pack Vendor :STMicroelectronics X-CUBE-ALGOBUILD 1.4.0
2025-12-15 18:51:57,417 [INFO] ThirdParty:1030 - CMSIS Pack Vendor :STMicroelectronics X-CUBE-DPower 1.3.0
2025-12-15 18:51:57,417 [INFO] ThirdParty:1030 - CMSIS Pack Vendor :STMicroelectronics X-CUBE-MEMS1 11.3.0
2025-12-15 18:51:57,417 [INFO] ThirdParty:1030 - CMSIS Pack Vendor :STMicroelectronics FP-SNS-MOTENV1 5.0.0
2025-12-15 18:51:57,417 [INFO] ThirdParty:1030 - CMSIS Pack Vendor :STMicroelectronics USB_DEVICE 1.0.0
2025-12-15 18:51:57,417 [INFO] ThirdParty:1030 - CMSIS Pack Vendor :STMicroelectronics X-CUBE-AZRTOS-H7RS 1.2.0
2025-12-15 18:51:57,417 [INFO] ThirdParty:1030 - CMSIS Pack Vendor :STMicroelectronics X-CUBE-AZRTOS-L4 2.0.0
2025-12-15 18:51:57,417 [INFO] ThirdParty:1030 - CMSIS Pack Vendor :STMicroelectronics ThreadX 0.0.2
2025-12-15 18:51:57,417 [INFO] ThirdParty:1030 - CMSIS Pack Vendor :STMicroelectronics lwIP 2.1.2
2025-12-15 18:51:57,417 [INFO] ThirdParty:1030 - CMSIS Pack Vendor :STMicroelectronics X-CUBE-SFXS2LP1 4.0.0
2025-12-15 18:51:57,417 [INFO] ThirdParty:1030 - CMSIS Pack Vendor :STMicroelectronics X-CUBE-BLE2 3.3.0
2025-12-15 18:51:57,417 [INFO] ThirdParty:1030 - CMSIS Pack Vendor :Avnet-IOTCONNECT X-CUBE-iotc-st67-sdk 1.0.0
2025-12-15 18:51:57,417 [INFO] ThirdParty:1030 - CMSIS Pack Vendor :STMicroelectronics X-CUBE-TOF1 3.4.3
2025-12-15 18:51:57,417 [INFO] ThirdParty:1030 - CMSIS Pack Vendor :STMicroelectronics PDM2PCM 3.2.0
2025-12-15 18:51:57,420 [INFO] ThirdParty:841 - exiting critical section [change project]
2025-12-15 18:51:59,104 [INFO] PinOutPanel:1589 - setPackage(No Configuration,No Configuration)
2025-12-15 18:51:59,126 [INFO] PinOutPanel:1589 - setPackage(STM32L476RGTx,LQFP64)
2025-12-15 18:52:02,101 [INFO] UtilMem:75 - Before build in PCC Used Memory: 942109168 Bytes (1073741824)
2025-12-15 18:52:03,477 [INFO] UtilMem:75 - After build in PCC Used Memory: 752261616 Bytes (1073741824)
2025-12-15 18:52:03,596 [INFO] IPUIPlugin:80 - create IPUIPlugin
2025-12-15 18:52:03,596 [INFO] IPUIPlugin:80 - create IPUIPlugin
2025-12-15 18:52:03,596 [INFO] IPUIPlugin:80 - create IPUIPlugin
2025-12-15 18:52:03,600 [INFO] IPUIPlugin:80 - create IPUIPlugin
2025-12-15 18:52:03,603 [INFO] IPUIPlugin:80 - create IPUIPlugin
2025-12-15 18:52:03,603 [INFO] IPUIPlugin:80 - create IPUIPlugin
2025-12-15 18:52:03,603 [INFO] IPUIPlugin:80 - create IPUIPlugin
2025-12-15 18:52:03,604 [INFO] IPUIPlugin:80 - create IPUIPlugin
2025-12-15 18:52:03,604 [INFO] IPUIPlugin:80 - create IPUIPlugin
2025-12-15 18:52:03,604 [INFO] IPUIPlugin:80 - create IPUIPlugin
2025-12-15 18:52:03,604 [INFO] IPUIPlugin:80 - create IPUIPlugin
2025-12-15 18:52:03,604 [INFO] IPUIPlugin:80 - create IPUIPlugin
2025-12-15 18:52:03,607 [INFO] IPUIPlugin:80 - create IPUIPlugin
2025-12-15 18:52:03,608 [INFO] IPUIPlugin:80 - create IPUIPlugin
2025-12-15 18:52:03,608 [INFO] IPUIPlugin:80 - create IPUIPlugin
2025-12-15 18:52:03,608 [INFO] IPUIPlugin:80 - create IPUIPlugin
2025-12-15 18:52:03,608 [INFO] IPUIPlugin:80 - create IPUIPlugin
2025-12-15 18:52:03,609 [INFO] IPUIPlugin:80 - create IPUIPlugin
2025-12-15 18:52:03,609 [INFO] IPUIPlugin:80 - create IPUIPlugin
2025-12-15 18:52:03,609 [INFO] IPUIPlugin:80 - create IPUIPlugin
2025-12-15 18:52:03,609 [INFO] IPUIPlugin:80 - create IPUIPlugin
2025-12-15 18:52:03,609 [INFO] IPUIPlugin:80 - create IPUIPlugin
2025-12-15 18:52:03,610 [INFO] IPUIPlugin:80 - create IPUIPlugin
2025-12-15 18:52:03,610 [INFO] IPUIPlugin:80 - create IPUIPlugin
2025-12-15 18:52:03,610 [INFO] IPUIPlugin:80 - create IPUIPlugin
2025-12-15 18:52:03,611 [INFO] IPUIPlugin:80 - create IPUIPlugin
2025-12-15 18:52:03,611 [INFO] IPUIPlugin:80 - create IPUIPlugin
2025-12-15 18:52:03,611 [INFO] IPUIPlugin:80 - create IPUIPlugin
2025-12-15 18:52:03,611 [INFO] IPUIPlugin:80 - create IPUIPlugin
2025-12-15 18:52:03,612 [INFO] IPUIPlugin:80 - create IPUIPlugin
2025-12-15 18:52:03,612 [INFO] IPUIPlugin:80 - create IPUIPlugin
2025-12-15 18:52:03,612 [INFO] IPUIPlugin:80 - create IPUIPlugin
2025-12-15 18:52:03,612 [INFO] IPUIPlugin:80 - create IPUIPlugin
2025-12-15 18:52:03,614 [INFO] IPUIPlugin:80 - create IPUIPlugin
2025-12-15 18:52:03,614 [INFO] IPUIPlugin:80 - create IPUIPlugin
2025-12-15 18:52:03,615 [INFO] IPUIPlugin:80 - create IPUIPlugin
2025-12-15 18:52:03,615 [INFO] IPUIPlugin:80 - create IPUIPlugin
2025-12-15 18:52:03,615 [INFO] IPUIPlugin:80 - create IPUIPlugin
2025-12-15 18:52:03,615 [INFO] IPUIPlugin:80 - create IPUIPlugin
2025-12-15 18:52:03,615 [INFO] IPUIPlugin:80 - create IPUIPlugin
2025-12-15 18:52:03,616 [INFO] IPUIPlugin:80 - create IPUIPlugin
2025-12-15 18:52:03,616 [INFO] IPUIPlugin:80 - create IPUIPlugin
2025-12-15 18:52:03,616 [INFO] IPUIPlugin:80 - create IPUIPlugin
2025-12-15 18:52:03,616 [INFO] IPUIPlugin:80 - create IPUIPlugin
2025-12-15 18:52:03,616 [INFO] IPUIPlugin:80 - create IPUIPlugin
2025-12-15 18:52:03,616 [INFO] IPUIPlugin:80 - create IPUIPlugin
2025-12-15 18:52:03,616 [INFO] IPUIPlugin:80 - create IPUIPlugin
2025-12-15 18:52:03,616 [INFO] IPUIPlugin:80 - create IPUIPlugin
2025-12-15 18:52:03,617 [INFO] IPUIPlugin:80 - create IPUIPlugin
2025-12-15 18:52:03,617 [INFO] IPUIPlugin:80 - create IPUIPlugin
2025-12-15 18:52:03,618 [INFO] IPUIPlugin:80 - create IPUIPlugin
2025-12-15 18:52:03,618 [INFO] IPUIPlugin:80 - create IPUIPlugin
2025-12-15 18:52:03,619 [INFO] IPUIPlugin:80 - create IPUIPlugin
2025-12-15 18:52:03,619 [INFO] IPUIPlugin:80 - create IPUIPlugin
2025-12-15 18:52:03,619 [INFO] IPUIPlugin:80 - create IPUIPlugin
2025-12-15 18:52:03,620 [INFO] IPUIPlugin:80 - create IPUIPlugin
2025-12-15 18:52:03,620 [INFO] IPUIPlugin:80 - create IPUIPlugin
2025-12-15 18:52:03,620 [INFO] IPUIPlugin:80 - create IPUIPlugin
2025-12-15 18:52:03,621 [INFO] IPUIPlugin:80 - create IPUIPlugin
2025-12-15 18:52:03,866 [INFO] CADModel:165 - CPN selected for project levelSTM32L476RGT3
2025-12-15 18:52:03,866 [INFO] CADModel:114 - Register for checkConnection events
2025-12-15 18:52:03,926 [INFO] OpenFileManager:386 - Restore cursor
2025-12-15 20:06:15,760 [INFO] WebApp:194 - Connection lost
2025-12-15 20:10:33,315 [INFO] WebApp:191 - Connection restablished
2025-12-15 20:11:48,090 [INFO] WebApp:194 - Connection lost
2025-12-15 20:13:45,377 [INFO] WebApp:191 - Connection restablished
2025-12-15 20:13:57,042 [INFO] WebApp:194 - Connection lost
2025-12-15 20:27:59,487 [INFO] WebApp:191 - Connection restablished
2025-12-15 20:59:59,292 [INFO] WebApp:194 - Connection lost
2025-12-15 21:00:04,116 [INFO] WebApp:191 - Connection restablished
2025-12-15 21:31:11,703 [INFO] WebApp:194 - Connection lost
2025-12-15 21:31:15,695 [INFO] WebApp:191 - Connection restablished
2025-12-15 23:26:01,635 [INFO] WebApp:194 - Connection lost
2025-12-15 23:26:04,454 [INFO] WebApp:191 - Connection restablished
2025-12-15 23:57:54,719 [INFO] WebApp:194 - Connection lost
2025-12-15 23:57:59,814 [INFO] WebApp:191 - Connection restablished
