../Core/Src/main.c:123:6:Enqueue_Red	1
../Core/Src/main.c:129:6:Enqueue_IR	1
../Core/Src/main.c:135:10:Dequeue_Red	2
../Core/Src/main.c:146:10:Dequeue_IR	2
../Core/Src/main.c:157:6:isEmpty_Red	1
../Core/Src/main.c:162:6:isEmpty_IR	1
../Core/Src/main.c:172:5:main	13
../Core/Src/main.c:365:6:SystemClock_Config	4
../Core/Src/main.c:415:13:MX_ADC1_Init	4
../Core/Src/main.c:482:13:MX_DAC1_Init	3
../Core/Src/main.c:525:13:MX_TIM6_Init	3
../Core/Src/main.c:563:13:MX_USART2_UART_Init	2
../Core/Src/main.c:598:13:MX_GPIO_Init	1
../Core/Src/main.c:637:6:HAL_ADC_ConvCpltCallback	6
../Core/Src/main.c:668:6:Measure_interrupt	5
../Core/Src/main.c:708:6:HAL_GPIO_EXTI_Callback	3
../Core/Src/main.c:727:6:Error_Handler	1
