../Core/Src/main.c:110:6:Enqueue_Red	16	static
../Core/Src/main.c:116:6:Enqueue_IR	16	static
../Core/Src/main.c:122:10:Dequeue_Red	16	static
../Core/Src/main.c:133:10:Dequeue_IR	16	static
../Core/Src/main.c:144:6:isEmpty_Red	4	static
../Core/Src/main.c:149:6:isEmpty_IR	4	static
../Core/Src/main.c:159:5:main	128	static
../Core/Src/main.c:304:6:SystemClock_Config	96	static
../Core/Src/main.c:354:13:MX_ADC1_Init	48	static
../Core/Src/main.c:421:13:MX_DAC1_Init	48	static
../Core/Src/main.c:464:13:MX_TIM6_Init	24	static
../Core/Src/main.c:502:13:MX_USART2_UART_Init	8	static
../Core/Src/main.c:537:13:MX_GPIO_Init	48	static
../Core/Src/main.c:576:6:HAL_ADC_ConvCpltCallback	24	static
../Core/Src/main.c:607:6:Measure_interrupt	8	static
../Core/Src/main.c:647:6:HAL_GPIO_EXTI_Callback	24	static
../Core/Src/main.c:666:6:Error_Handler	4	static,ignoring_inline_asm
