../Core/Src/main.c:90:5:main	128	static
../Core/Src/main.c:204:6:SystemClock_Config	96	static
../Core/Src/main.c:254:13:MX_ADC1_Init	48	static
../Core/Src/main.c:321:13:MX_DAC1_Init	48	static
../Core/Src/main.c:364:13:MX_TIM6_Init	24	static
../Core/Src/main.c:402:13:MX_USART2_UART_Init	8	static
../Core/Src/main.c:437:13:MX_GPIO_Init	48	static
../Core/Src/main.c:472:6:HAL_ADC_ConvCpltCallback	16	static
../Core/Src/main.c:491:6:Measure_interrupt	8	static
../Core/Src/main.c:528:6:Error_Handler	4	static,ignoring_inline_asm
